title
"Core Hour Utilization (%): by Instance Type"
parameters

start,end
2018-04-18,2018-04-30
---------
"Instance Type","Core Hour Utilization (%)"
c1.m4,0.3747
c4.m16,0.1749
c2.m4,0.1733
c1.m1,0.0027
c2.m8,0.0002
m1.small,0.0000
---------
