title
"Number of CPU Cores: by Resource"
parameters

start,end
2016-12-22,2017-01-01
---------
Resource,"Number of CPU Cores"
robertson,440000
pozidriv,404000
phillips,400000
mortorq,384000
frearson,380000
---------
