title
"Average Number of GPU Nodes Available"
parameters

start,end
2016-12-22,2017-01-07
---------
Summary,"Average Number of GPU Nodes Available"
Screwdriver,0.0000
---------
