title
"GPU Hours Available"
parameters

start,end
2016-12-22,2017-01-07
---------
Year,"[Screwdriver] GPU Hours Available"
2016,0.0000
2017,0.0000
---------
