title
"Screwdriver Utilization (%): by PI Group"
parameters

start,end
2016-12-22,2017-01-01
---------
Year,"[Quantum Electronics, Waves, and Beams] Screwdriver Utilization (%)","[Systems Prototyping and Fabrication] Screwdriver Utilization (%)","[Organic and Macromolecular Chemistry] Screwdriver Utilization (%)","[Sociology] Screwdriver Utilization (%)","[Physical Chemistry] Screwdriver Utilization (%)","[Stellar Astronomy and Astrophysics] Screwdriver Utilization (%)","[Emerging Technologies Initiation] Screwdriver Utilization (%)","[Metals, Ceramics, and Electronic Materials] Screwdriver Utilization (%)","[Statistics and Probability] Screwdriver Utilization (%)","[Operations Research and Production Systems] Screwdriver Utilization (%)","[Structures and Building Systems] Screwdriver Utilization (%)","[Fluid, Particulate, and Hydraulic Systems] Screwdriver Utilization (%)","[Solid State Chemistry and Polymers] Screwdriver Utilization (%)","[Biophysics] Screwdriver Utilization (%)","[Polar Ocean and Climate Systems] Screwdriver Utilization (%)","[Cell Biology] Screwdriver Utilization (%)","[Tectonics] Screwdriver Utilization (%)","[Experimental Systems] Screwdriver Utilization (%)","[Arts] Screwdriver Utilization (%)","[Design and Computer-Integrated Engineering] Screwdriver Utilization (%)","[Algebra and Number Theory] Screwdriver Utilization (%)","[Galactic Astronomy] Screwdriver Utilization (%)","[Theoretical Physics] Screwdriver Utilization (%)","[Systematic and Population Biology] Screwdriver Utilization (%)","[Economics] Screwdriver Utilization (%)","[Global Atmospheric Research] Screwdriver Utilization (%)","[Decision, Risk, and Management Science] Screwdriver Utilization (%)","[Biochemistry and Molecular Structure and Function] Screwdriver Utilization (%)","[Solid-State and Microstructures] Screwdriver Utilization (%)","[Polar Aeronomy and Astrophysics] Screwdriver Utilization (%)","[Volcanology and Mantle Geochemistry] Screwdriver Utilization (%)","[Seismology] Screwdriver Utilization (%)","[Geology and Paleontology] Screwdriver Utilization (%)","[Polar Meteorology] Screwdriver Utilization (%)","[Computer and Computation Theory] Screwdriver Utilization (%)","[Mechanics and Materials] Screwdriver Utilization (%)","[Extragalactic Astronomy and Cosmology] Screwdriver Utilization (%)","[Design, Tools, and Test] Screwdriver Utilization (%)","[Geophysics] Screwdriver Utilization (%)","[Law and Social Sciences] Screwdriver Utilization (%)"
2016,6.840693221,5.286027857,5.644752736,2.882495234,1.972584315,1.781411616,1.401515152,1.741571970,1.420420770,1.335190657,1.339121212,1.241095960,1.055762731,0.869672875,0.003574811,0.731067261,0.813495818,0.606447917,0.573712700,0.328976010,0.486505682,0.424029058,0.150465278,0.061329651,0.117503104,0.136460438,0.112092014,0.096737190,0.094882102,0.095358691,0.090921717,0.057880314,0.053875868,0.012691077,0.009549400,0.005158591,0.005669429,0.002664773,0.002134364,0.000098485
2017,0.004136693,0.031916856,0.000162532,0.004831834,0.006411680,0.009086825,0.013338508,0,0.013979573,0.003580087,0,0,0,0.004841687,0.027226051,0.002816838,0,0.002748503,0.000428009,0.005103678,0.000172803,0.001060537,0,0.002484323,0.000588213,0.000009893,0,0,0.000100623,0,0,0.000032629,0.000061089,0.000004971,0,0.000077487,0,0,0,0
---------
