title
"CPU Hours Available: by Service Provider"
parameters

start,end
2016-12-22,2017-01-07
---------
"Service Provider","CPU Hours Available"
"screw - Screwdriver",180192000.0000
---------
