title
"Average Number of CPU Nodes: Allocated: by Resource Allocation Type"
parameters

start,end
2016-12-22,2017-01-07
---------
"Resource Allocation Type","Average Number of CPU Nodes: Allocated"
"CPU Allocated",1788.2353
---------
