title
"GPU Hours: Total: by Service Provider"
parameters

start,end
2016-12-22,2017-01-07
---------
Year,"[screw] GPU Hours: Total"
2016,0.0000
2017,0.0000
---------
