title
"CPU Hours Available: by Resource Allocation Type"
parameters

start,end
2016-12-22,2017-01-07
---------
Year,"[CPU Allocated] CPU Hours Available"
2016,4992000.0000
2017,185654400.0000
---------
