title
"GPU Node Hours Available: by Service Provider"
parameters

start,end
2016-12-22,2017-01-01
---------
Day,"[screw - Screwdriver] GPU Node Hours Available"
2016-12-22,0.00000000
2016-12-23,0.00000000
2016-12-24,0.00000000
2016-12-25,0.00000000
2016-12-26,0.00000000
2016-12-27,0.00000000
2016-12-28,0.00000000
2016-12-29,0.00000000
2016-12-30,0.00000000
2016-12-31,0.00000000
2017-01-01,0.00000000
---------
