title
"GPU Node Hours Available: by Service Provider"
parameters

start,end
2016-12-22,2017-01-01
---------
Quarter,"[screw - Screwdriver] GPU Node Hours Available"
"2016 Q4",0.00000000
"2017 Q1",0.00000000
---------
