title
"Number of CPU Cores: by Service Provider"
parameters

start,end
2016-12-22,2017-01-01
---------
Month,"[screw - Screwdriver] Number of CPU Cores"
2016-12,208000
2017-01,620000
---------
