title
"GPU Node Hours Available: by Resource"
parameters

start,end
2016-12-22,2017-01-01
---------
Month,"[frearson] GPU Node Hours Available","[mortorq] GPU Node Hours Available","[phillips] GPU Node Hours Available","[pozidriv] GPU Node Hours Available","[robertson] GPU Node Hours Available"
2016-12,0,0,0,0,0
2017-01,0,0,0,0,0
---------
