title
"Number of CPU Cores: by Resource Allocation Type"
parameters

start,end
2016-12-22,2017-01-01
---------
"Resource Allocation Type","Number of CPU Cores"
"CPU Allocated",2008000
---------
