title
"Average Number of GPU Cores Available (GPU Count): by Service Provider"
parameters

start,end
2016-12-22,2017-01-07
---------
Quarter,"[screw - Screwdriver] Average Number of GPU Cores Available (GPU Count)"
"2016 Q4",0.0000
"2017 Q1",0.0000
---------
