title
"GPU Node Hours: Total: by Resource"
parameters

start,end
2016-12-22,2017-01-07
---------
Day,"[frearson] GPU Node Hours: Total","[mortorq] GPU Node Hours: Total","[phillips] GPU Node Hours: Total","[pozidriv] GPU Node Hours: Total","[robertson] GPU Node Hours: Total"
2016-12-22,0,0,0.0000,0.0000,0.0000
2016-12-23,0,0,0.0000,0.0000,0.0000
2016-12-24,0,0,0.0000,0.0000,0.0000
2016-12-25,0,0,0.0000,0.0000,0.0000
2016-12-26,0,0.0000,0.0000,0.0000,0.0000
2016-12-27,0.0000,0.0000,0.0000,0.0000,0.0000
2016-12-28,0.0000,0.0000,0.0000,0.0000,0.0000
2016-12-29,0.0000,0.0000,0.0000,0.0000,0.0000
2016-12-30,0.0000,0.0000,0.0000,0.0000,0.0000
2016-12-31,0.0000,0.0000,0.0000,0.0000,0.0000
2017-01-01,0.0000,0.0000,0.0000,0.0000,0.0000
2017-01-02,0.0000,0.0000,0.0000,0.0000,0.0000
2017-01-03,0.0000,0.0000,0.0000,0.0000,0.0000
2017-01-04,0.0000,0.0000,0.0000,0.0000,0.0000
2017-01-05,0.0000,0.0000,0.0000,0.0000,0.0000
2017-01-06,0.0000,0.0000,0.0000,0.0000,0.0000
2017-01-07,0.0000,0.0000,0.0000,0.0000,0.0000
---------
