title
"CPU Node Hours Available: by Resource Type"
parameters

start,end
2016-12-22,2017-01-07
---------
"Resource Type","CPU Node Hours Available"
"High-performance computing",19064640.0000
---------
