title
"Average Number of GPU Cores Available (GPU Count): by Resource Type"
parameters

start,end
2016-12-22,2017-01-07
---------
Year,"[High-performance computing] Average Number of GPU Cores Available (GPU Count)"
2016,0.0000
2017,0.0000
---------
