title
"Average Number of CPU Cores: Allocated (Core Count): by Resource Allocation Type"
parameters

start,end
2016-12-22,2017-01-07
---------
"Resource Allocation Type","Average Number of CPU Cores: Allocated (Core Count)"
"CPU Allocated",4307.6923
"GPU Node Allocated",2417.5824
"CPU Node Allocated",2197.8022
"GPU Allocated",2109.8901
---------
