title
"Average Number of GPU Cores: Total (GPU Core Count)"
parameters

start,end
2016-12-22,2017-01-07
---------
Summary,"Average Number of GPU Cores: Total (GPU Core Count)"
Screwdriver,0.0000
---------
