title
"GPU Hours Available: by Resource"
parameters

start,end
2016-12-22,2017-01-01
---------
Resource,"GPU Hours Available"
frearson,0.0000
mortorq,0.0000
phillips,0.0000
pozidriv,0.0000
robertson,0.0000
---------
