title
"GPU Hours Available: by Resource"
parameters

start,end
2016-12-22,2017-01-01
---------
Quarter,"[frearson] GPU Hours Available","[mortorq] GPU Hours Available","[phillips] GPU Hours Available","[pozidriv] GPU Hours Available","[robertson] GPU Hours Available"
"2016 Q4",0.0000,0.0000,0.0000,0.0000,0.0000
"2017 Q1",0.0000,0.0000,0.0000,0.0000,0.0000
---------
