title
"Screwdriver Utilization (%)"
parameters

start,end
2016-12-22,2017-01-01
---------
Quarter,"[Screwdriver] Screwdriver Utilization (%)"
"2016 Q4",14.598030282
"2017 Q1",0.161527403
---------
