title
"Screwdriver Utilization (%): by QOS"
parameters

start,end
2016-12-22,2017-01-01
---------
Year,"[curry] Screwdriver Utilization (%)","[banana-cream] Screwdriver Utilization (%)","[derby] Screwdriver Utilization (%)","[cashew] Screwdriver Utilization (%)","[fish] Screwdriver Utilization (%)","[buttermilk] Screwdriver Utilization (%)","[coconut-cream] Screwdriver Utilization (%)","[apple] Screwdriver Utilization (%)","[bavarian-cream] Screwdriver Utilization (%)","[chestnut] Screwdriver Utilization (%)","[blackberry] Screwdriver Utilization (%)","[bumbleberry] Screwdriver Utilization (%)","[cheese] Screwdriver Utilization (%)","[butter] Screwdriver Utilization (%)","[blueberry] Screwdriver Utilization (%)","[green-grape] Screwdriver Utilization (%)","[cherry] Screwdriver Utilization (%)","[boysenberry] Screwdriver Utilization (%)","[flapper] Screwdriver Utilization (%)"
2016,31.304773174,6.550254603,6.213864268,2.834022701,1.839461937,1.344279803,0.657633628,0.551585964,0.349674321,0.264484533,0.127805898,0.002300032,0.093056082,0.032848695,0.048260101,0.023188315,0.018239478,0.019279251,0.013729351
2017,0.119658593,0.007811483,0.010892964,0.013979573,0,0.000077487,0.004185109,0.005256139,0.001060537,0.000819110,0.001625172,0.008949325,0,0.000786825,0,0.000313727,0.000131171,0.000100623,0.000061089
---------
