title
"Average Number of GPUs: Total (GPU Count): by Resource Allocation Type"
parameters

start,end
2016-12-22,2017-01-07
---------
"Resource Allocation Type","Average Number of GPUs: Total (GPU Count)"
"GPU Node Allocated",2106.7031
"GPU Allocated",2030.0958
"CPU Allocated",0.0000
"CPU Node Allocated",0.0000
---------
