title
"Average Number of GPU Nodes: Allocated: by Resource"
parameters

start,end
2016-12-22,2017-01-07
---------
Year,"[robertson] Average Number of GPU Nodes: Allocated","[mortorq] Average Number of GPU Nodes: Allocated","[frearson] Average Number of GPU Nodes: Allocated","[phillips] Average Number of GPU Nodes: Allocated","[pozidriv] Average Number of GPU Nodes: Allocated"
2016,21.8579,6.5574,0.0000,0.0000,0.0000
2017,400.0000,400.0000,0.0000,0.0000,0.0000
---------
