title
"CPU Node Hours Available"
parameters

start,end
2016-12-22,2017-01-07
---------
Summary,"CPU Node Hours Available"
Screwdriver,729600.0000
---------
