title
"CPU Node Hours Available"
parameters

start,end
2016-12-22,2017-01-07
---------
Year,"[Screwdriver] CPU Node Hours Available"
2016,499200.0000
2017,17520000.0000
---------
