title
"GPU Hours Available: by Resource Type"
parameters

start,end
2016-12-22,2017-01-07
---------
Month,"[High-performance computing] GPU Hours Available"
2016-12,0.0000
2017-01,0.0000
---------
