title
"Average Number of GPU Cores: Total (GPU Core Count): by Resource"
parameters

start,end
2016-12-22,2017-01-07
---------
Resource,"Average Number of GPU Cores: Total (GPU Core Count)"
robertson,3290.3226
mortorq,2387.0968
frearson,0.0000
phillips,0.0000
pozidriv,0.0000
---------
