title
"CPU Hours Available: by Resource Type"
parameters

start,end
2016-12-22,2017-01-07
---------
Quarter,"[High-performance computing] CPU Hours Available"
"2016 Q4",4992000.0000
"2017 Q1",45734400.0000
---------
