title
"CPU Node Hours Available: by Service Provider"
parameters

start,end
2016-12-22,2017-01-07
---------
"Service Provider","CPU Node Hours Available"
screw,4819200.0000
---------
