title
"CPU Node Hours Available: by Service Provider"
parameters

start,end
2016-12-22,2017-01-07
---------
Quarter,"[screw] CPU Node Hours Available"
"2016 Q4",499200.0000
"2017 Q1",4320000.0000
---------
