title
"Screwdriver Utilization (%): by Queue"
parameters

start,end
2016-12-22,2017-01-01
---------
Quarter,"[white] Screwdriver Utilization (%)","[black] Screwdriver Utilization (%)","[pikelet] Screwdriver Utilization (%)","[roti] Screwdriver Utilization (%)","[croutons] Screwdriver Utilization (%)","[brown] Screwdriver Utilization (%)","[cornbread] Screwdriver Utilization (%)","[crumpet] Screwdriver Utilization (%)","[brioche] Screwdriver Utilization (%)","[nann] Screwdriver Utilization (%)","[focaccia] Screwdriver Utilization (%)","[bannock] Screwdriver Utilization (%)","[panettone] Screwdriver Utilization (%)","[chapti] Screwdriver Utilization (%)","[potbrood] Screwdriver Utilization (%)","[pita] Screwdriver Utilization (%)","[pumpernickel] Screwdriver Utilization (%)","[barm] Screwdriver Utilization (%)"
"2016 Q4",37.237473722,6.281973169,2.834022701,2.120573890,1.817068603,1.344279803,1.026054240,0.657633628,0.298424716,0.003574811,0.264484533,0.046282197,0.093056082,0.054344381,0.023240083,0.018239478,0.013729351,0.009776515
"2017 Q1",0.529459089,0.027029607,0.056694933,0,0.036931816,0.000314252,0.004301067,0.016972942,0.006658259,0.036294483,0.003321946,0.006109658,0,0,0.001272338,0.000531970,0.000247749,0.000408083
---------
