title
"GPU Hours: Total: by Resource"
parameters

start,end
2016-12-22,2017-01-07
---------
Quarter,"[frearson] GPU Hours: Total","[mortorq] GPU Hours: Total","[phillips] GPU Hours: Total","[pozidriv] GPU Hours: Total","[robertson] GPU Hours: Total"
"2016 Q4",0.0000,0.0000,0.0000,0.0000,0.0000
"2017 Q1",0.0000,0.0000,0.0000,0.0000,0.0000
---------
