title
"Average Number of CPU Nodes: Total: by Resource Allocation Type"
parameters

start,end
2016-12-22,2017-01-07
---------
Year,"[CPU Allocated] Average Number of CPU Nodes: Total","[GPU Node Allocated] Average Number of CPU Nodes: Total","[CPU Node Allocated] Average Number of CPU Nodes: Total","[GPU Allocated] Average Number of CPU Nodes: Total"
2016,17.4863,21.8579,10.9290,6.5574
2017,800.0000,400.0000,400.0000,400.0000
---------
