title
"Average Number of CPU Nodes Available: by Resource"
parameters

start,end
2016-12-22,2017-01-07
---------
Year,"[robertson] Average Number of CPU Nodes Available","[pozidriv] Average Number of CPU Nodes Available","[phillips] Average Number of CPU Nodes Available","[mortorq] Average Number of CPU Nodes Available","[frearson] Average Number of CPU Nodes Available"
2016,21.8579,12.0219,10.9290,6.5574,5.4645
2017,400.0000,400.0000,400.0000,400.0000,400.0000
---------
