title
"Average Number of CPU Cores Available (Core Count)"
parameters

start,end
2016-12-22,2017-01-07
---------
Summary,"Average Number of CPU Cores Available (Core Count)"
Screwdriver,14290.3226
---------
