title
"Core Hour Utilization (%): by VM Size: Memory"
parameters

start,end
2018-04-18,2018-04-30
---------
"VM Size: Memory","Core Hour Utilization (%)"
"2 - 4 GB",0.1806
"8 - 16 GB",0.0577
"< 2 GB",0.0009
"4 - 8 GB",0.0001
"32 - 64 GB",0.0000
---------
