title
"Core Hour Utilization (%): by VM Size: Memory"
parameters

start,end
2018-04-18,2018-04-30
---------
"VM Size: Memory","Core Hour Utilization (%)"
"2 - 4 GB",0.5479
"8 - 16 GB",0.1749
"< 2 GB",0.0027
"4 - 8 GB",0.0002
"32 - 64 GB",0.0000
---------
