title
"Core Hour Utilization (%): by User"
parameters

start,end
2018-04-18,2018-04-30
---------
User,"Core Hour Utilization (%)"
"Warbler, Yellow-rumped",1.2481
"Warbler, Yellow",0.4209
"Warbler, Blackburnian",0.0060
---------
