title
"CPU Node Hours: Total: by Resource Allocation Type"
parameters

start,end
2016-12-22,2017-01-07
---------
Year,"[CPU Allocated] CPU Node Hours: Total"
2016,499200.0000
2017,17520000.0000
---------
