title
"Average Number of CPU Nodes Available: by Resource Type"
parameters

start,end
2016-12-22,2017-01-07
---------
"Resource Type","Average Number of CPU Nodes Available"
"High-performance computing",1027.0862
---------
